>>> ancho=10
>>> alto=9
>>> area=ancho*alto
>>> area
90
>>> """leyes no se permite que variable empiece por numero deben empezar con letra o subrayado o barra al piso el nombre solo contiene letra numero o subrayado, las letras pueden ser mayusculas o minusculas mezcladas pero python diferencia mayusculas y minusculas o sea q pueden formarse variables distintas es sensitive Ancho y ancho por esto se deben tener convenciones que se recogen en pep8 documento q se debe seguir mejor variables en minusculas , si hay dos palabras separadas por barra al piso ancho_total"""
"""funciones cual numero es mayor si existe se llama"""
SyntaxError: multiple statements found while compiling a single statement
>>> max (4,7)
7
>>> """funcion se llama por nombre abre parentesis alli van los argumentos separados por comas, el numero de arguymentos varia segun la funcion , hay funciones q no tienen argumentos ero debe llevbar parentesis"""
'funcion se llama por nombre abre parentesis alli van los argumentos separados por comas, el numero de arguymentos varia segun la funcion , hay funciones q no tienen argumentos ero debe llevbar parentesis'
>>> max(32.6,54.2)
54.2
>>> """ espacio entre comas mejor"""
' espacio entre comas mejor'
>>> max(34, 21, 54)
54
>>> max(12.3, 7)
12.3
>>>
>>> dir(__builtins__)
['ArithmeticError', 'AssertionError', 'AttributeError', 'BaseException', 'BlockingIOError', 'BrokenPipeError', 'BufferError', 'BytesWarning', 'ChildProcessError', 'ConnectionAbortedError', 'ConnectionError', 'ConnectionRefusedError', 'ConnectionResetError', 'DeprecationWarning', 'EOFError', 'Ellipsis', 'EnvironmentError', 'Exception', 'False', 'FileExistsError', 'FileNotFoundError', 'FloatingPointError', 'FutureWarning', 'GeneratorExit', 'IOError', 'ImportError', 'ImportWarning', 'IndentationError', 'IndexError', 'InterruptedError', 'IsADirectoryError', 'KeyError', 'KeyboardInterrupt', 'LookupError', 'MemoryError', 'ModuleNotFoundError', 'NameError', 'None', 'NotADirectoryError', 'NotImplemented', 'NotImplementedError', 'OSError', 'OverflowError', 'PendingDeprecationWarning', 'PermissionError', 'ProcessLookupError', 'RecursionError', 'ReferenceError', 'ResourceWarning', 'RuntimeError', 'RuntimeWarning', 'StopAsyncIteration', 'StopIteration', 'SyntaxError', 'SyntaxWarning', 'SystemError', 'SystemExit', 'TabError', 'TimeoutError', 'True', 'TypeError', 'UnboundLocalError', 'UnicodeDecodeError', 'UnicodeEncodeError', 'UnicodeError', 'UnicodeTranslateError', 'UnicodeWarning', 'UserWarning', 'ValueError', 'Warning', 'WindowsError', 'ZeroDivisionError', '_', '__build_class__', '__debug__', '__doc__', '__import__', '__loader__', '__name__', '__package__', '__spec__', 'abs', 'all', 'any', 'ascii', 'bin', 'bool', 'breakpoint', 'bytearray', 'bytes', 'callable', 'chr', 'classmethod', 'compile', 'complex', 'copyright', 'credits', 'delattr', 'dict', 'dir', 'divmod', 'enumerate', 'eval', 'exec', 'exit', 'filter', 'float', 'format', 'frozenset', 'getattr', 'globals', 'hasattr', 'hash', 'help', 'hex', 'id', 'input', 'int', 'isinstance', 'issubclass', 'iter', 'len', 'license', 'list', 'locals', 'map', 'max', 'memoryview', 'min', 'next', 'object', 'oct', 'open', 'ord', 'pow', 'print', 'property', 'quit', 'range', 'repr', 'reversed', 'round', 'set', 'setattr', 'slice', 'sorted', 'staticmethod', 'str', 'sum', 'super', 'tuple', 'type', 'vars', 'zip']
>>> """estas son las funciones preconstruidas """
'estas son las funciones preconstruidas '
>>> help(max)
Help on built-in function max in module builtins:

max(...)
    max(iterable, *[, default=obj, key=func]) -> value
    max(arg1, arg2, *args, *[, key=func]) -> value
    
    With a single iterable argument, return its biggest item. The
    default keyword-only argument specifies an object to return if
    the provided iterable is empty.
    With two or more arguments, return the largest argument.

>>> """ LO DE ABAJO ES DEFINICIÓN ARRIBA INDICA COMO METER LOS Argumentos y lo de las llaves que puede haber otro tipo de argumentos opcionales que se pueden o no utilizar     la flecha indica que debe devolver algun valor"""
' LO DE ABAJO ES DEFINICIÓN ARRIBA INDICA COMO METER LOS Argumentos y lo de las llaves que puede haber otro tipo de argumentos opcionales que se pueden o no utilizar     la flecha indica que debe devolver algun valor'
>>> abs(-43)
43
>>> help(abs)
Help on built-in function abs in module builtins:

abs(x, /)
    Return the absolute value of the argument.

>>> help(pow)
Help on built-in function pow in module builtins:

pow(x, y, z=None, /)
    Equivalent to x**y (with two arguments) or x**y % z (with three arguments)
    
    Some types, such as ints, are able to use a more efficient algorithm when
    invoked using the three argument form.

>>> 3**5
243
>>> pow(3, 5)
243
>>> >>> """definior nuestras propias funciones . La sintacxis funcion ejemplo"""

>>> def doble(x):
	return x*2

>>> doble(8)
16
>>> """ para crear función se mpieza colocar la palabra clave def luego el nombre que le damos a esa función luego abrir parentesis ser coloca para metro que son variables o argunmentospara llamarlo debemos tambien llamar variable y finalmente se coloca : dos puntos. Esto es la cabecera de la funcion. Luego el cuerpo de la función , estas lineas aparecen mas a la derecha o indentation , este sistema permite un codigo mas claro no necesita llaves o corchetes y en la queda asi  """

>>> def doble (x):
	valor=x*2
	return=valor
SyntaxError: invalid syntax
>>> area = ancho * alto
Traceback (most recent call last):
  File "<pyshell#12>", line 1, in <module>
    area = ancho * alto
NameError: name 'ancho' is not defined
>>> def area_rectangulo(ancho, alto) :
	area= ancho * alto
	return area

>>> area_rectangulo(5, 7)"""ancho y alto es parametros 5 y 7 son argumentos"""
SyntaxError: invalid syntax
>>> area_rectangulo(5, 7)
35
 def area_triangulo(base, alto) :
	area =(base * alto)/2
	return area

>>> area_triangulo(35, 53)
927.5
>>> """como guardar codigo que vayamnos creando shell restart shell"""

>>> 
=============================== RESTART: Shell ===============================
>>> area_triangulo(3, 4)
Traceback (most recent call last):
  File "<pyshell#6>", line 1, in <module>
    area_triangulo(3, 4)
NameError: name 'area_triangulo' is not defined
>>> 
== RESTART: C:/Users/PRO/Desktop/programacion unity/python/curso-python.py ==
>>> 
== RESTART: C:/Users/PRO/Desktop/programacion unity/python/curso-python.py ==
>>> """ los programas python suelen dividirse en módulos
 RESTART: C:/Users/PRO/Desktop/programacion unity/python/archivo python.py =
>>> 
=============================== RESTART: Shell ===============================
>>> 
= RESTART: C:/Users/PRO/Desktop/programacion unity/python/archivo python.py =
>>> area_triangulo (4,2)
4.0
>>> """para facilitar el mantenimiento y lectura de programas demasiado largos python los divide en modulos agrupan elementos relacionados entres i por ej agrupan y organizan y division d elogica de nuestro codigo , los ficheros son su contrapartida fisica cada archiva python almacenada en el disco equivale a un modulo puede incluir muchas funciones del lenguaje python"""
'para facilitar el mantenimiento y lectura de programas demasiado largos python los divide en modulos agrupan elementos relacionados entres i por ej agrupan y organizan y division d elogica de nuestro codigo , los ficheros son su contrapartida fisica cada archiva python almacenada en el disco equivale a un modulo puede incluir muchas funciones del lenguaje python'
>>> 
= RESTART: C:/Users/PRO/Desktop/programacion unity/python/archivo python.py =
>>> 
=============================== RESTART: Shell ===============================
>>> 
= RESTART: C:/Users/PRO/Desktop/programacion unity/python/archivo python.py =
>>> perimetro_triangulo(4,6,3)
13
>>> 
=============================== RESTART: Shell ===============================
>>> 
 RESTART: C:/Users/PRO/Desktop/programacion unity/python/modulo_rectangulo.py 
>>> area_rectangulo(5, 4)
20
>>>  """para facilitar el mantenimiento y lectura de programas demasiado largos python los divide en modulos agrupan elementos relacionados entres i por ej agrupan y organizan y division d elogica de nuestro codigo , los ficheros son su contrapartida fisica cada archiva python almacenada en el disco equivale a un modulo puede incluir muchas funciones del lenguaje python"""

>>> 
= RESTART: C:/Users/PRO/Desktop/programacion unity/python/archivo python.py =
>>> 
=============================== RESTART: Shell ===============================
>>> 
= RESTART: C:/Users/PRO/Desktop/programacion unity/python/archivo python.py =
>>> perimetro_triangulo(4,6,3)
13
>>> 
=============================== RESTART: Shell ===============================
>>> 
 RESTART: C:/Users/PRO/Desktop/programacion unity/python/modulo_rectangulo.py 
>>> area_rectangulo(5, 4)
20
>>> 
=============================== RESTART: Shell ===============================
>>> 
 RESTART: C:/Users/PRO/Desktop/programacion unity/python/modulo_rectangulo.py 
>>> perimetro_rectangulo(6,5,8,7)
26
>>> """Tipos de datos palabras string o ley es conjunto de caracteres entre comillas sencillas o dobles"""

>>> cervantes = "Escritor español que escribió Don Quijote" """string se escribe str son un tipo de datos y son valores  y pueden ser usados en un tipo de asignacion ejemplo"""
>>> cervantes
'Escritor español que escribió Don Quijotestring se escribe str son un tipo de datos y son valores  y pueden ser usados en un tipo de asignacion ejemplo'
>>> """ jejeje me quedo todo"""

>>> """string puede ser letras , numneros o signos ortograficos"""

>>> cervantes = 'Escritor español que escribio "Don Quijote" '
>>> cervantes
'Escritor español que escribio "Don Quijote" '
>>> cervantes = " Escritor español que escribio /"Don Quijote/" libro muy conocido."
SyntaxError: invalid syntax
>>>  cervantes = " Escritor español que escribio \"Don Quijote\" libro muy conocido."
 
SyntaxError: unexpected indent
>>> cervantes = " Escritor español que escribio \"Don Quijote\" libro muy conocido."
>>> cervantes
' Escritor español que escribio "Don Quijote" libro muy conocido.'
>>> """la barra invertida hace q no quede error con comillas incluidas dentro de comillas o sea q las comillas de adentro es el signo ortografico que yo quiero utilizar"""

'los operadores se pueden usar con strings el operador mas + concatena o unir strings ejemplo'
>>> "verano" + " caluroso"
'verano caluroso'
>>> "verano"+"caluroso"
'veranocaluroso'
>>> """ los espacios se tienen en cuenta la multiplicacion repite el numero de veces ejemplo"""

>>> "verano" *5
'veranoveranoveranoveranoverano'
>>> "verano " *5
'verano verano verano verano verano '
>>> "verano " +"caluroso " *5
'verano caluroso caluroso caluroso caluroso caluroso '
>>> """prioridad multiplicacion sobre suma por lo tanto se usan parentesis"""
'prioridad multiplicacion sobre suma por lo tanto se usan parentesis'
>>> ("verano " +"caluroso ") *5
'verano caluroso verano caluroso verano caluroso verano caluroso verano caluroso '
>>> """no se puede usar el mas constring y numero ejemplo "verano" +4 debe quedar es asi"""

>>> "verano " + "4"
'verano 4'
>>> """ tampoco se puede multiplicar dos string
